[INFO] GET /rooms
[INFO] GET /guests
[INFO] POST /auth/login
[INFO] GET /exports/rooms
[INFO] GET /exports/reservations-active
[INFO] POST /auth/register
[INFO] GET /reservations
[INFO] POST /auth/register
[INFO] POST /auth/register
[INFO] POST /auth/register
[INFO] GET /users
[INFO] POST /auth/login
[INFO] POST /auth/login
[INFO] GET /guests
[INFO] POST /guests
[INFO] GET /guests
[INFO] POST /guests
[INFO] GET /rooms
[INFO] POST /rooms
[INFO] POST /rooms
[INFO] POST /auth/register
[INFO] POST /auth/register
[INFO] POST /auth/login
[INFO] POST /auth/login
[INFO] POST /guests
[INFO] DELETE /guests/1
[INFO] GET /guests
[INFO] PATCH /guests/2
[INFO] GET /guests
[INFO] POST /auth/login
[INFO] POST /reservations/check-in
[INFO] GET /rooms
[INFO] POST /auth/login
[INFO] POST /guests
[INFO] GET /guests
[INFO] POST /rooms
[INFO] GET /rooms
[INFO] POST /reservations/check-in
[INFO] GET /reservations
